2025-09-06 19:27:47,175 [INFO] Activator:176 - 


2025-09-06 19:27:47,181 [INFO] Activator:177 - !SESSION log4j initialized
2025-09-06 19:27:53,243 [INFO] LogOutputStream:77 - [STDOUT_REDIRECT] 
2025-09-06 19:27:55,563 [INFO] ApplicationProperties:184 - Using Application install path: C:\ST\STM32CubeIDE_1.19.0\STM32CubeIDE\plugins\com.st.stm32cube.common.mx_6.15.0.202507011659
2025-09-06 19:27:55,583 [INFO] DbMcusXml:78 - Set database path to: C:\ST\STM32CubeIDE_1.19.0\STM32CubeIDE\plugins\com.st.stm32cube.common.mx_6.15.0.202507011659\\db\/mcu/
2025-09-06 19:27:55,583 [INFO] ApiDb:274 - Set plugin database path to: C:\ST\STM32CubeIDE_1.19.0\STM32CubeIDE\plugins\com.st.stm32cube.common.mx_6.15.0.202507011659\\db\/plugins/boardmanager/
2025-09-06 19:27:55,584 [WARN] ApiDb:259 - Overriding images path with different value:  => C:\ST\STM32CubeIDE_1.19.0\STM32CubeIDE\plugins\com.st.stm32cube.common.mx_6.15.0.202507011659\\db\/plugins/mcufinder/images/
2025-09-06 19:27:55,596 [INFO] ApiDb:250 - Set database path to: C:\Users\sumey\.stmcufinder\plugins\mcufinder//mcu/
2025-09-06 19:27:55,597 [INFO] DbMcusAds:125 - Set database path to: C:\Users\sumey\.stmcufinder\plugins\mcufinder//mcu/
2025-09-06 19:27:55,600 [INFO] CrossReferenceDbSqlite:203 - Set database path to: C:\Users\sumey\.stmcufinder\plugins\mcufinder//mcu/cs/
2025-09-06 19:27:55,762 [INFO] RulesReader:64 - Compatibility file has been processed (317 Rules)
2025-09-06 19:27:55,863 [INFO] DbMcusXml:78 - Set database path to: C:\ST\STM32CubeIDE_1.19.0\STM32CubeIDE\plugins\com.st.stm32cube.common.mx_6.15.0.202507011659\\db\/mcu/
2025-09-06 19:27:55,864 [INFO] ApiDb:274 - Set plugin database path to: C:\ST\STM32CubeIDE_1.19.0\STM32CubeIDE\plugins\com.st.stm32cube.common.mx_6.15.0.202507011659\\db\/plugins/boardmanager/
2025-09-06 19:27:55,864 [INFO] ApiDb:261 - Set plugin images path to: C:\ST\STM32CubeIDE_1.19.0\STM32CubeIDE\plugins\com.st.stm32cube.common.mx_6.15.0.202507011659\\db\/plugins/mcufinder/images/
2025-09-06 19:27:55,864 [WARN] DbFile:41 - Overriding database path with different value: C:\Users\sumey\.stmcufinder\plugins\mcufinder/ => C:\Users\sumey\.stmcufinder\plugins\mcufinder
2025-09-06 19:27:55,864 [INFO] ApiDb:250 - Set database path to: C:\Users\sumey\.stmcufinder\plugins\mcufinder//mcu/
2025-09-06 19:27:55,864 [WARN] DbFile:41 - Overriding database path with different value: C:\Users\sumey\.stmcufinder\plugins\mcufinder/ => C:\Users\sumey\.stmcufinder\plugins\mcufinder
2025-09-06 19:27:55,864 [INFO] DbMcusAds:125 - Set database path to: C:\Users\sumey\.stmcufinder\plugins\mcufinder//mcu/
2025-09-06 19:27:55,864 [WARN] DbFile:41 - Overriding database path with different value: C:\Users\sumey\.stmcufinder\plugins\mcufinder/ => C:\Users\sumey\.stmcufinder\plugins\mcufinder
2025-09-06 19:27:55,865 [WARN] DbFile:41 - Overriding database path with different value: C:\Users\sumey\.stmcufinder\plugins\mcufinder/ => C:\Users\sumey\.stmcufinder\plugins\mcufinder
2025-09-06 19:27:55,865 [INFO] CrossReferenceDbSqlite:203 - Set database path to: C:\Users\sumey\.stmcufinder\plugins\mcufinder//mcu/cs/
2025-09-06 19:27:55,949 [INFO] MainPanel:274 - HeapMemory: 268435456
2025-09-06 19:27:56,068 [INFO] DbMcusXml:78 - Set database path to: C:\ST\STM32CubeIDE_1.19.0\STM32CubeIDE\plugins\com.st.stm32cube.common.mx_6.15.0.202507011659\\db\/mcu/
2025-09-06 19:27:56,068 [INFO] ApiDb:274 - Set plugin database path to: C:\ST\STM32CubeIDE_1.19.0\STM32CubeIDE\plugins\com.st.stm32cube.common.mx_6.15.0.202507011659\\db\/plugins/boardmanager/
2025-09-06 19:27:56,068 [INFO] ApiDb:261 - Set plugin images path to: C:\ST\STM32CubeIDE_1.19.0\STM32CubeIDE\plugins\com.st.stm32cube.common.mx_6.15.0.202507011659\\db\/plugins/mcufinder/images/
2025-09-06 19:27:56,069 [WARN] DbFile:41 - Overriding database path with different value: C:\Users\sumey\.stmcufinder\plugins\mcufinder/ => C:\Users\sumey\.stmcufinder\plugins\mcufinder
2025-09-06 19:27:56,069 [INFO] ApiDb:250 - Set database path to: C:\Users\sumey\.stmcufinder\plugins\mcufinder//mcu/
2025-09-06 19:27:56,069 [WARN] DbFile:41 - Overriding database path with different value: C:\Users\sumey\.stmcufinder\plugins\mcufinder/ => C:\Users\sumey\.stmcufinder\plugins\mcufinder
2025-09-06 19:27:56,069 [INFO] DbMcusAds:125 - Set database path to: C:\Users\sumey\.stmcufinder\plugins\mcufinder//mcu/
2025-09-06 19:27:56,069 [WARN] DbFile:41 - Overriding database path with different value: C:\Users\sumey\.stmcufinder\plugins\mcufinder/ => C:\Users\sumey\.stmcufinder\plugins\mcufinder
2025-09-06 19:27:56,069 [WARN] DbFile:41 - Overriding database path with different value: C:\Users\sumey\.stmcufinder\plugins\mcufinder/ => C:\Users\sumey\.stmcufinder\plugins\mcufinder
2025-09-06 19:27:56,069 [INFO] CrossReferenceDbSqlite:203 - Set database path to: C:\Users\sumey\.stmcufinder\plugins\mcufinder//mcu/cs/
2025-09-06 19:27:56,086 [INFO] ApplicationProperties:184 - Using Application install path: C:\ST\STM32CubeIDE_1.19.0\STM32CubeIDE\plugins\com.st.stm32cube.common.mx_6.15.0.202507011659
2025-09-06 19:27:56,088 [INFO] PluginManage:196 - Search for loadable plugins [exclusion list=, ]
2025-09-06 19:27:56,089 [INFO] PluginManage:310 - Check plugin analytics
2025-09-06 19:27:56,285 [INFO] AnalyticsPlugin:253 - Accepted Software Licenses: 
2025-09-06 19:27:56,285 [INFO] AnalyticsPlugin:255 - Accepted CMSIS Pack Licenses: 
2025-09-06 19:27:56,285 [INFO] AnalyticsPlugin:257 - Accepted Firmware Licenses: FW.H7.1.12.0
2025-09-06 19:27:56,287 [INFO] PluginManage:359 - Loaded plugin analytics (category:tool,tabindex:-1)
2025-09-06 19:27:56,288 [INFO] PluginManage:310 - Check plugin cadmodel
2025-09-06 19:27:56,293 [INFO] CADModel:105 - Init CAD model plugin
2025-09-06 19:27:56,293 [INFO] PluginManage:359 - Loaded plugin cadmodel (category:power,tabindex:5)
2025-09-06 19:27:56,295 [INFO] PluginManage:310 - Check plugin clock
2025-09-06 19:27:56,304 [INFO] PluginManage:359 - Loaded plugin clock (category:base,tabindex:2)
2025-09-06 19:27:56,304 [INFO] PluginManage:310 - Check plugin ddr
2025-09-06 19:27:56,307 [INFO] PluginManage:359 - Loaded plugin ddr (category:tool,tabindex:6)
2025-09-06 19:27:56,307 [INFO] PluginManage:310 - Check plugin filemanager
2025-09-06 19:27:56,483 [INFO] PluginManage:359 - Loaded plugin filemanager (category:base,tabindex:10)
2025-09-06 19:27:56,484 [INFO] PluginManage:310 - Check plugin ipmanager
2025-09-06 19:27:56,491 [INFO] PluginManage:359 - Loaded plugin ipmanager (category:base,tabindex:5)
2025-09-06 19:27:56,492 [INFO] PluginManage:310 - Check plugin lpbam
2025-09-06 19:27:56,499 [INFO] PluginManage:359 - Loaded plugin lpbam (category:base,tabindex:0)
2025-09-06 19:27:56,499 [INFO] PluginManage:310 - Check plugin memorymap
2025-09-06 19:27:56,515 [INFO] PluginManage:359 - Loaded plugin memorymap (category:base,tabindex:4)
2025-09-06 19:27:56,515 [INFO] PluginManage:310 - Check plugin pinoutandconfiguration
2025-09-06 19:27:56,524 [INFO] PluginManage:359 - Loaded plugin pinoutandconfiguration (category:base,tabindex:1)
2025-09-06 19:27:56,524 [INFO] PluginManage:310 - Check plugin pinoutconfig
2025-09-06 19:27:56,615 [WARN] SupportedApi:132 - Cannot load RTOS API schema: s4s-elt-must-match.1: The content of 'definitions' must match (annotation?, (simpleType | complexType)?, (unique | key | keyref)*)). A problem was found starting at: attribute.
2025-09-06 19:27:56,803 [INFO] PluginManage:359 - Loaded plugin pinoutconfig (category:base,tabindex:0)
2025-09-06 19:27:56,803 [INFO] PluginManage:310 - Check plugin power
2025-09-06 19:27:56,813 [INFO] PluginManage:359 - Loaded plugin power (category:power,tabindex:4)
2025-09-06 19:27:56,813 [INFO] PluginManage:310 - Check plugin projectmanager
2025-09-06 19:27:56,831 [INFO] PluginManage:359 - Loaded plugin projectmanager (category:projectmanager,tabindex:4)
2025-09-06 19:27:56,831 [INFO] PluginManage:310 - Check plugin rif
2025-09-06 19:27:56,842 [INFO] PluginManage:359 - Loaded plugin rif (category:base,tabindex:3)
2025-09-06 19:27:56,842 [INFO] PluginManage:310 - Check plugin thirdparty
2025-09-06 19:27:57,002 [WARN] IntegrityCheckThread:84 - waiting for thirdparty lock release [integrity check]
2025-09-06 19:27:57,002 [INFO] PluginManage:359 - Loaded plugin thirdparty (category:base,tabindex:-1)
2025-09-06 19:27:57,002 [INFO] IntegrityCheckThread:86 - entering critical section [integrity check]
2025-09-06 19:27:57,002 [INFO] PluginManage:310 - Check plugin tools
2025-09-06 19:27:57,003 [INFO] ThirdPartyUpdaterWithRetryManager:70 - Updater plugin not ready yet. [1/15]
2025-09-06 19:27:57,007 [INFO] PluginManage:359 - Loaded plugin tools (category:base,tabindex:7)
2025-09-06 19:27:57,007 [INFO] PluginManage:310 - Check plugin tutovideos
2025-09-06 19:27:57,236 [INFO] PluginManage:359 - Loaded plugin tutovideos (category:base,tabindex:-1)
2025-09-06 19:27:57,237 [INFO] PluginManage:310 - Check plugin updater
2025-09-06 19:27:57,281 [INFO] PluginManage:359 - Loaded plugin updater (category:base,tabindex:12)
2025-09-06 19:27:57,281 [INFO] PluginManage:310 - Check plugin userauth
2025-09-06 19:27:57,286 [INFO] UserAuth:118 - Init User Auth plugin
2025-09-06 19:27:57,286 [INFO] PluginManage:359 - Loaded plugin userauth (category:base,tabindex:14)
2025-09-06 19:27:57,287 [INFO] PluginManage:283 - PluginManage : Loaded plugins [18]
2025-09-06 19:27:57,540 [INFO] PinOutPanel:1589 - setPackage(No Configuration,No Configuration)
2025-09-06 19:27:57,630 [INFO] CADModel:165 - CPN selected for project level
2025-09-06 19:27:57,630 [INFO] CADModel:114 - Register for checkConnection events
2025-09-06 19:27:57,652 [INFO] IPUIPlugin:80 - create IPUIPlugin
2025-09-06 19:27:57,653 [INFO] PluginManager:220 - loadIPPluginJar : add adc
2025-09-06 19:27:57,657 [INFO] IPUIPlugin:80 - create IPUIPlugin
2025-09-06 19:27:57,657 [INFO] PluginManager:220 - loadIPPluginJar : add aes
2025-09-06 19:27:57,661 [INFO] IPUIPlugin:80 - create IPUIPlugin
2025-09-06 19:27:57,661 [INFO] PluginManager:220 - loadIPPluginJar : add can
2025-09-06 19:27:57,664 [INFO] IPUIPlugin:80 - create IPUIPlugin
2025-09-06 19:27:57,664 [INFO] PluginManager:220 - loadIPPluginJar : add comp
2025-09-06 19:27:57,668 [INFO] IPUIPlugin:80 - create IPUIPlugin
2025-09-06 19:27:57,668 [INFO] PluginManager:220 - loadIPPluginJar : add cryp
2025-09-06 19:27:57,672 [INFO] IPUIPlugin:80 - create IPUIPlugin
2025-09-06 19:27:57,672 [INFO] PluginManager:220 - loadIPPluginJar : add ddr_ctrl_phy
2025-09-06 19:27:57,675 [INFO] IPUIPlugin:80 - create IPUIPlugin
2025-09-06 19:27:57,676 [INFO] PluginManager:220 - loadIPPluginJar : add dfsdm
2025-09-06 19:27:57,683 [INFO] IPUIPlugin:80 - create IPUIPlugin
2025-09-06 19:27:57,684 [INFO] PluginManager:220 - loadIPPluginJar : add dma
2025-09-06 19:27:57,686 [INFO] IPUIPlugin:80 - create IPUIPlugin
2025-09-06 19:27:57,686 [INFO] PluginManager:220 - loadIPPluginJar : add dma3
2025-09-06 19:27:57,689 [INFO] IPUIPlugin:80 - create IPUIPlugin
2025-09-06 19:27:57,689 [INFO] PluginManager:220 - loadIPPluginJar : add extmemmanager
2025-09-06 19:27:57,691 [INFO] IPUIPlugin:80 - create IPUIPlugin
2025-09-06 19:27:57,691 [INFO] PluginManager:220 - loadIPPluginJar : add fatfs
2025-09-06 19:27:57,695 [INFO] IPUIPlugin:80 - create IPUIPlugin
2025-09-06 19:27:57,695 [INFO] PluginManager:220 - loadIPPluginJar : add fmc
2025-09-06 19:27:57,702 [INFO] IPUIPlugin:80 - create IPUIPlugin
2025-09-06 19:27:57,702 [INFO] PluginManager:220 - loadIPPluginJar : add freertos
2025-09-06 19:27:57,703 [INFO] IPUIPlugin:80 - create IPUIPlugin
2025-09-06 19:27:57,703 [INFO] PluginManager:220 - loadIPPluginJar : add genericplugin
2025-09-06 19:27:57,706 [INFO] IPUIPlugin:80 - create IPUIPlugin
2025-09-06 19:27:57,706 [INFO] PluginManager:220 - loadIPPluginJar : add gfxmmu
2025-09-06 19:27:57,711 [INFO] IPUIPlugin:80 - create IPUIPlugin
2025-09-06 19:27:57,711 [INFO] PluginManager:220 - loadIPPluginJar : add gic
2025-09-06 19:27:57,715 [INFO] IPUIPlugin:80 - create IPUIPlugin
2025-09-06 19:27:57,715 [INFO] PluginManager:220 - loadIPPluginJar : add gpio
2025-09-06 19:27:57,718 [INFO] IPUIPlugin:80 - create IPUIPlugin
2025-09-06 19:27:57,718 [INFO] PluginManager:220 - loadIPPluginJar : add gtzc
2025-09-06 19:27:57,721 [INFO] IPUIPlugin:80 - create IPUIPlugin
2025-09-06 19:27:57,721 [INFO] PluginManager:220 - loadIPPluginJar : add hash
2025-09-06 19:27:57,724 [INFO] IPUIPlugin:80 - create IPUIPlugin
2025-09-06 19:27:57,724 [INFO] PluginManager:220 - loadIPPluginJar : add i2c
2025-09-06 19:27:57,727 [INFO] IPUIPlugin:80 - create IPUIPlugin
2025-09-06 19:27:57,727 [INFO] PluginManager:220 - loadIPPluginJar : add i2s
2025-09-06 19:27:57,730 [INFO] IPUIPlugin:80 - create IPUIPlugin
2025-09-06 19:27:57,730 [INFO] PluginManager:220 - loadIPPluginJar : add i3c
2025-09-06 19:27:57,734 [INFO] IPUIPlugin:80 - create IPUIPlugin
2025-09-06 19:27:57,734 [INFO] PluginManager:220 - loadIPPluginJar : add ipddr
2025-09-06 19:27:57,741 [INFO] IPUIPlugin:80 - create IPUIPlugin
2025-09-06 19:27:57,741 [INFO] PluginManager:220 - loadIPPluginJar : add linkedlist
2025-09-06 19:27:57,744 [INFO] IPUIPlugin:80 - create IPUIPlugin
2025-09-06 19:27:57,744 [INFO] PluginManager:220 - loadIPPluginJar : add lorawan
2025-09-06 19:27:57,746 [INFO] IPUIPlugin:80 - create IPUIPlugin
2025-09-06 19:27:57,746 [INFO] PluginManager:220 - loadIPPluginJar : add ltdc
2025-09-06 19:27:57,751 [INFO] IPUIPlugin:80 - create IPUIPlugin
2025-09-06 19:27:57,751 [INFO] PluginManager:220 - loadIPPluginJar : add mdma
2025-09-06 19:27:57,756 [INFO] IPUIPlugin:80 - create IPUIPlugin
2025-09-06 19:27:57,757 [INFO] PluginManager:220 - loadIPPluginJar : add nvic
2025-09-06 19:27:57,760 [INFO] IPUIPlugin:80 - create IPUIPlugin
2025-09-06 19:27:57,760 [INFO] PluginManager:220 - loadIPPluginJar : add opamp
2025-09-06 19:27:57,763 [INFO] IPUIPlugin:80 - create IPUIPlugin
2025-09-06 19:27:57,763 [INFO] PluginManager:220 - loadIPPluginJar : add openamp
2025-09-06 19:27:57,765 [INFO] IPUIPlugin:80 - create IPUIPlugin
2025-09-06 19:27:57,766 [INFO] PluginManager:220 - loadIPPluginJar : add pdm2pcm
2025-09-06 19:27:57,771 [INFO] IPUIPlugin:80 - create IPUIPlugin
2025-09-06 19:27:57,774 [INFO] PluginManager:220 - loadIPPluginJar : add plateformsettings
2025-09-06 19:27:57,775 [INFO] IPUIPlugin:80 - create IPUIPlugin
2025-09-06 19:27:57,775 [INFO] PluginManager:220 - loadIPPluginJar : add quadspi
2025-09-06 19:27:57,778 [INFO] IPUIPlugin:80 - create IPUIPlugin
2025-09-06 19:27:57,778 [INFO] PluginManager:220 - loadIPPluginJar : add radio
2025-09-06 19:27:57,783 [INFO] IPUIPlugin:80 - create IPUIPlugin
2025-09-06 19:27:57,783 [INFO] PluginManager:220 - loadIPPluginJar : add resmgrutility
2025-09-06 19:27:57,787 [INFO] IPUIPlugin:80 - create IPUIPlugin
2025-09-06 19:27:57,787 [INFO] PluginManager:220 - loadIPPluginJar : add sai
2025-09-06 19:27:57,791 [INFO] IPUIPlugin:80 - create IPUIPlugin
2025-09-06 19:27:57,791 [INFO] PluginManager:220 - loadIPPluginJar : add spi
2025-09-06 19:27:57,798 [INFO] IPUIPlugin:80 - create IPUIPlugin
2025-09-06 19:27:57,798 [INFO] PluginManager:220 - loadIPPluginJar : add stm32_wpan
2025-09-06 19:27:57,799 [INFO] IPUIPlugin:80 - create IPUIPlugin
2025-09-06 19:27:57,800 [INFO] PluginManager:220 - loadIPPluginJar : add tim
2025-09-06 19:27:57,803 [INFO] IPUIPlugin:80 - create IPUIPlugin
2025-09-06 19:27:57,803 [INFO] PluginManager:220 - loadIPPluginJar : add touchsensing
2025-09-06 19:27:57,806 [INFO] IPUIPlugin:80 - create IPUIPlugin
2025-09-06 19:27:57,806 [INFO] PluginManager:220 - loadIPPluginJar : add tracer_emb
2025-09-06 19:27:57,808 [INFO] IPUIPlugin:80 - create IPUIPlugin
2025-09-06 19:27:57,808 [INFO] PluginManager:220 - loadIPPluginJar : add ts
2025-09-06 19:27:57,809 [INFO] IPUIPlugin:80 - create IPUIPlugin
2025-09-06 19:27:57,809 [INFO] PluginManager:220 - loadIPPluginJar : add tsc
2025-09-06 19:27:57,811 [INFO] IPUIPlugin:80 - create IPUIPlugin
2025-09-06 19:27:57,811 [INFO] PluginManager:220 - loadIPPluginJar : add ucpd
2025-09-06 19:27:57,813 [INFO] IPUIPlugin:80 - create IPUIPlugin
2025-09-06 19:27:57,813 [INFO] PluginManager:220 - loadIPPluginJar : add usart
2025-09-06 19:27:57,816 [INFO] IPUIPlugin:80 - create IPUIPlugin
2025-09-06 19:27:57,816 [INFO] PluginManager:220 - loadIPPluginJar : add usbx
2025-09-06 19:27:57,941 [FATAL] Updater:351 - Updater called before beeing initialized
2025-09-06 19:27:57,989 [INFO] RulesReader:64 - Compatibility file has been processed (317 Rules)
2025-09-06 19:27:58,002 [INFO] RulesReader:64 - Compatibility file has been processed (317 Rules)
2025-09-06 19:27:58,019 [INFO] CADModel:165 - CPN selected for project level
2025-09-06 19:27:58,019 [INFO] CADModel:114 - Register for checkConnection events
2025-09-06 19:27:58,020 [FATAL] Updater:351 - Updater called before beeing initialized
2025-09-06 19:27:58,020 [ERROR] CADModel:125 - Updater not yet initialized, retry later 
2025-09-06 19:27:58,227 [FATAL] Updater:351 - Updater called before beeing initialized
2025-09-06 19:27:58,230 [INFO] CADModel:165 - CPN selected for project level
2025-09-06 19:27:58,230 [INFO] CADModel:114 - Register for checkConnection events
2025-09-06 19:27:58,230 [FATAL] Updater:351 - Updater called before beeing initialized
2025-09-06 19:27:58,231 [ERROR] CADModel:125 - Updater not yet initialized, retry later 
2025-09-06 19:27:58,234 [FATAL] Updater:351 - Updater called before beeing initialized
2025-09-06 19:27:58,414 [FATAL] Updater:351 - Updater called before beeing initialized
2025-09-06 19:27:58,423 [INFO] DbMcusAds:53 - JSON generation date=Tue Jul 08 11:14:23 TRT 2025 (1751962463582)
2025-09-06 19:27:58,423 [FATAL] Updater:351 - Updater called before beeing initialized
2025-09-06 19:27:58,472 [WARN] DetailPanel:346 - Failed to get advertising image, set to default
2025-09-06 19:27:58,549 [FATAL] Updater:351 - Updater called before beeing initialized
2025-09-06 19:27:58,550 [FATAL] Updater:351 - Updater called before beeing initialized
2025-09-06 19:27:58,551 [FATAL] Updater:351 - Updater called before beeing initialized
2025-09-06 19:27:58,551 [WARN] DetailPanel:346 - Failed to get advertising image, set to default
2025-09-06 19:27:58,553 [FATAL] Updater:351 - Updater called before beeing initialized
2025-09-06 19:27:58,601 [ERROR] Updater:1198 - MainUpdater not yet initialized. External WinMGr cannot be set.
2025-09-06 19:27:58,603 [INFO] Updater:1134 - Updater Version found : 6.15.0
2025-09-06 19:27:58,623 [INFO] ApplicationProperties:184 - Using Application install path: C:\ST\STM32CubeIDE_1.19.0\STM32CubeIDE\plugins\com.st.stm32cube.common.mx_6.15.0.202507011659
2025-09-06 19:28:00,018 [INFO] ThirdPartyUpdaterWithRetryManager:70 - Updater plugin not ready yet. [2/15]
2025-09-06 19:28:00,210 [ERROR] LogOutputStream:75 - [STDERR_REDIRECT] Sep 06, 2025 7:28:00 PM java.util.prefs.WindowsPreferences <init>
2025-09-06 19:28:00,213 [ERROR] LogOutputStream:75 - [STDERR_REDIRECT] WARNING: Could not open/create prefs root node Software\JavaSoft\Prefs at root 0xffffffff80000002. Windows RegCreateKeyEx(...) returned error code 5.
2025-09-06 19:28:00,213 [ERROR] LogOutputStream:75 - [STDERR_REDIRECT] 
2025-09-06 19:28:00,807 [INFO] MainUpdater:2872 - connection check result : 10
2025-09-06 19:28:00,807 [INFO] MainUpdater:3604 - Updater definition file requires update
2025-09-06 19:28:00,808 [INFO] MainUpdater:289 - Updater Check For Update Now.
2025-09-06 19:28:00,808 [INFO] MicroXplorer:498 - Change Database Version : DB.6.0.150
2025-09-06 19:28:00,814 [INFO] McuFinderGlobals:63 - Set McuFinder mode to 2 (CubeIDE integrated)
2025-09-06 19:28:00,816 [INFO] UserAuth:487 - Internet connection configuration mode: 1
2025-09-06 19:28:00,840 [INFO] JxBrowserEngine:152 - Initiate JxBrowser Engine with user profile folder
2025-09-06 19:28:00,895 [INFO] ServerAccessManage:452 - Complete download http(s) 200
2025-09-06 19:28:00,897 [INFO] ServerAccessManage:509 - Download File updaters.zip
2025-09-06 19:28:01,110 [INFO] FileExtend:248 - Unzip File : updaters.zip
2025-09-06 19:28:01,110 [INFO] FileExtend:263 - Standard Zip Deflate
2025-09-06 19:28:01,496 [INFO] ServerAccessManage:452 - Complete download http(s) 200
2025-09-06 19:28:01,496 [INFO] ServerAccessManage:509 - Download File PacksControlFlags.xml
2025-09-06 19:28:01,608 [INFO] ServerAccessManage:452 - Complete download http(s) 200
2025-09-06 19:28:01,609 [INFO] ServerAccessManage:509 - Download File cubemx.pidx
2025-09-06 19:28:02,831 [INFO] ServerAccessManage:452 - Complete download http(s) 200
2025-09-06 19:28:02,831 [INFO] ServerAccessManage:509 - Download File STMicroelectronics.X-CUBE-STSE01.pdsc
2025-09-06 19:28:03,020 [WARN] MainUpdater:1193 - Updater busy. Cannot search thirdparties
2025-09-06 19:28:03,020 [INFO] ThirdPartyUpdaterWithRetryManager:96 - Updater plugin is busy. [1/15]
2025-09-06 19:28:03,101 [INFO] WebApp:169 - Instantiating new browser for Auth
2025-09-06 19:28:03,865 [ERROR] ServerAccessManage:1295 - Problem during Server Connection :  IO error PKIX path building failed: sun.security.provider.certpath.SunCertPathBuilderException: unable to find valid certification path to requested target
2025-09-06 19:28:03,865 [ERROR] ServerAccessManage:740 - Problem during Server Connection :  : Avnet-IotConnect.X-CUBE-IoTC-DA16k-PMOD.pdsc.
2025-09-06 19:28:04,050 [WARN] PackLoader:240 - Cannot read IP mode file for STMicroelectronics.X-CUBE-STSE01.1.0.0
2025-09-06 19:28:04,055 [INFO] PopulateThirdPartyThread:66 - Ending populate Thread
2025-09-06 19:28:04,056 [INFO] ThirdParty:1030 - CMSIS Pack Vendor :STMicroelectronics X-CUBE-STSE01 1.0.0
2025-09-06 19:28:04,057 [INFO] LoadServerUpdatesThread:375 - End of LoadServerUpdate Thread
2025-09-06 19:28:04,121 [INFO] CheckServerUpdateThread:120 - End of CheckServer Thread
2025-09-06 19:28:04,410 [INFO] WebApp:463 - Apply proxy settings
2025-09-06 19:28:04,411 [INFO] WebApp:548 - Chromium requires no authentication
2025-09-06 19:28:04,425 [INFO] WebApp:491 - Direct internet connection detected
2025-09-06 19:28:04,453 [INFO] WebApp:900 - Register for checkConnection events
2025-09-06 19:28:04,453 [INFO] WebApp:463 - Apply proxy settings
2025-09-06 19:28:04,454 [INFO] WebApp:548 - Chromium requires no authentication
2025-09-06 19:28:04,454 [INFO] WebApp:491 - Direct internet connection detected
2025-09-06 19:28:04,689 [INFO] WebApp:225 - Starting web application
2025-09-06 19:28:04,689 [INFO] WebApp:593 - Web application path used C:\ST\STM32CubeIDE_1.19.0\STM32CubeIDE\plugins\com.st.stm32cube.common.mx_6.15.0.202507011659\db\plugins\mcufinder\reactClient1\index.html
2025-09-06 19:28:04,754 [INFO] WebApp:191 - Connection restablished
2025-09-06 19:28:04,992 [INFO] UserAuth:487 - Internet connection configuration mode: 1
2025-09-06 19:28:05,128 [ERROR] LogOutputStream:75 - [STDERR_REDIRECT] [Fatal Error] :1:1: Premature end of file.
2025-09-06 19:28:05,129 [ERROR] LogOutputStream:75 - [STDERR_REDIRECT] 
2025-09-06 19:28:06,071 [ERROR] LogOutputStream:75 - [STDERR_REDIRECT] [Fatal Error] :1:1: Premature end of file.
2025-09-06 19:28:06,071 [ERROR] LogOutputStream:75 - [STDERR_REDIRECT] 
2025-09-06 19:28:06,249 [WARN] PackLoader:240 - Cannot read IP mode file for STMicroelectronics.FP-SNS-MOTENVWB1.1.4.0
2025-09-06 19:28:06,257 [WARN] PackLoader:240 - Cannot read IP mode file for STMicroelectronics.FP-ATR-ASTRA1.2.0.2
2025-09-06 19:28:06,265 [WARN] PackLoader:240 - Cannot read IP mode file for STMicroelectronics.X-CUBE-SMBUS.2.1.0
2025-09-06 19:28:06,271 [WARN] PackLoader:240 - Cannot read IP mode file for STMicroelectronics.X-CUBE-ST60.1.0.0
2025-09-06 19:28:06,301 [WARN] PackLoader:240 - Cannot read IP mode file for STMicroelectronics.X-CUBE-AZRTOS-F7.1.1.0
2025-09-06 19:28:06,317 [WARN] PackLoader:240 - Cannot read IP mode file for WES.I-CUBE-Cesium.1.4.0
2025-09-06 19:28:06,346 [WARN] PackLoader:240 - Cannot read IP mode file for Infineon.AIROC-Wi-Fi-Bluetooth-STM32.1.7.0
2025-09-06 19:28:06,379 [WARN] PackLoader:240 - Cannot read IP mode file for Infineon.AIROC-Wi-Fi-Bluetooth-STM32.1.7.1
2025-09-06 19:28:06,417 [WARN] PackLoader:240 - Cannot read IP mode file for STMicroelectronics.X-CUBE-AZRTOS-H7.3.4.0
2025-09-06 19:28:06,428 [WARN] PackLoader:240 - Cannot read IP mode file for STMicroelectronics.X-CUBE-DISPLAY.3.0.0
2025-09-06 19:28:06,437 [WARN] PackLoader:240 - Cannot read IP mode file for STMicroelectronics.X-CUBE-NFC10.1.0.0
2025-09-06 19:28:06,451 [WARN] PackLoader:240 - Cannot read IP mode file for STMicroelectronics.X-CUBE-BLEMGR.4.0.0
2025-09-06 19:28:06,463 [WARN] PackLoader:240 - Cannot read IP mode file for emotas.I-CUBE-CANOPEN.1.3.0
2025-09-06 19:28:06,468 [WARN] ConditionMgr:438 - getConditionDescription Invalid condition id : Cortex-A Device cause : null
2025-09-06 19:28:06,483 [WARN] ConditionMgr:1044 - genDependencies : Invalid condition id : Cortex-A Device cause : null
2025-09-06 19:28:06,483 [WARN] ConditionMgr:1044 - genDependencies : Invalid condition id : Cortex-A Device cause : null
2025-09-06 19:28:06,483 [WARN] ConditionMgr:1044 - genDependencies : Invalid condition id : Cortex-A Device cause : null
2025-09-06 19:28:06,495 [WARN] PackLoader:240 - Cannot read IP mode file for STMicroelectronics.FP-SNS-STBOX1.2.1.0
2025-09-06 19:28:06,501 [WARN] PackLoader:240 - Cannot read IP mode file for STMicroelectronics.FP-SNS-SMARTAG2.1.2.0
2025-09-06 19:28:06,512 [WARN] PackLoader:240 - Cannot read IP mode file for STMicroelectronics.FP-SNS-FLIGHT1.5.1.0
2025-09-06 19:28:06,527 [INFO] LogOutputStream:77 - [STDOUT_REDIRECT] 1 : Invalid condition id : UX_CORESTACK_Condition cause : null
2025-09-06 19:28:06,528 [INFO] LogOutputStream:77 - [STDOUT_REDIRECT] 1 : Invalid condition id : UX_CORESTACK_Condition cause : null
2025-09-06 19:28:06,530 [INFO] LogOutputStream:77 - [STDOUT_REDIRECT] 1 : Invalid condition id : UX_CORESTACK_Condition cause : null
2025-09-06 19:28:06,531 [INFO] LogOutputStream:77 - [STDOUT_REDIRECT] 1 : Invalid condition id : UX_CORESTACK_Condition cause : null
2025-09-06 19:28:06,532 [INFO] LogOutputStream:77 - [STDOUT_REDIRECT] 1 : Invalid condition id : UX_CORESTACK_Condition cause : null
2025-09-06 19:28:06,535 [WARN] PackLoader:240 - Cannot read IP mode file for STMicroelectronics.X-CUBE-AZRTOS-WL.2.0.0
2025-09-06 19:28:06,543 [WARN] PackLoader:240 - Cannot read IP mode file for STMicroelectronics.FP-SNS-MOTENV1.5.0.0
2025-09-06 19:28:06,549 [WARN] PackLoader:240 - Cannot read IP mode file for WES.I-CUBE-Cesium.1.3.0
2025-09-06 19:28:06,556 [WARN] PackLoader:240 - Cannot read IP mode file for STMicroelectronics.X-CUBE-BLE2.3.3.0
2025-09-06 19:28:06,563 [WARN] PackLoader:240 - Cannot read IP mode file for STMicroelectronics.X-CUBE-NFC9.1.0.0
2025-09-06 19:28:06,571 [WARN] PackLoader:240 - Cannot read IP mode file for wolfSSL.I-CUBE-wolfSSL.5.8.0
2025-09-06 19:28:06,576 [WARN] PackLoader:240 - Cannot read IP mode file for wolfSSL.I-CUBE-wolfSSL.5.8.2
2025-09-06 19:28:06,582 [WARN] PackLoader:240 - Cannot read IP mode file for STMicroelectronics.X-CUBE-BLE1.7.1.0
2025-09-06 19:28:06,587 [WARN] PackLoader:240 - Cannot read IP mode file for wolfSSL.I-CUBE-wolfMQTT.1.19.2
2025-09-06 19:28:06,593 [WARN] PackLoader:240 - Cannot read IP mode file for STMicroelectronics.X-CUBE-EEPRMA1.5.2.0
2025-09-06 19:28:06,597 [WARN] PackLoader:240 - Cannot read IP mode file for STMicroelectronics.X-CUBE-AI.10.1.0
2025-09-06 19:28:06,608 [WARN] PackLoader:240 - Cannot read IP mode file for STMicroelectronics.X-CUBE-AZRTOS-G0.1.1.0
2025-09-06 19:28:06,613 [WARN] PackLoader:240 - Cannot read IP mode file for STMicroelectronics.X-CUBE-SAFEA1.1.2.2
2025-09-06 19:28:06,618 [WARN] PackLoader:240 - Cannot read IP mode file for STMicroelectronics.X-CUBE-NFC4.3.0.0
2025-09-06 19:28:06,626 [WARN] PackLoader:240 - Cannot read IP mode file for EmbeddedOffice.I-CUBE-FS-RTOS.1.0.1
2025-09-06 19:28:06,631 [WARN] PackLoader:240 - Cannot read IP mode file for STMicroelectronics.X-CUBE-WB05N.2.0.0
2025-09-06 19:28:06,635 [WARN] PackLoader:240 - Cannot read IP mode file for wolfSSL.I-CUBE-wolfTPM.3.8.0
2025-09-06 19:28:06,641 [WARN] PackLoader:240 - Cannot read IP mode file for STMicroelectronics.X-CUBE-TCPP.4.2.0
2025-09-06 19:28:06,646 [WARN] PackLoader:240 - Cannot read IP mode file for RealThread.X-CUBE-RT-Thread_Nano.4.1.1
2025-09-06 19:28:06,650 [WARN] PackLoader:240 - Cannot read IP mode file for STMicroelectronics.FP-ATR-SIGFOX1.3.2.0
2025-09-06 19:28:06,657 [WARN] PackLoader:240 - Cannot read IP mode file for STMicroelectronics.X-CUBE-EEPRMA1.5.1.0
2025-09-06 19:28:06,664 [WARN] PackLoader:240 - Cannot read IP mode file for ITTIA_DB.I-CUBE-ITTIADB.8.9.0
2025-09-06 19:28:06,671 [WARN] PackLoader:240 - Cannot read IP mode file for STMicroelectronics.X-CUBE-ST67W61.1.0.0
2025-09-06 19:28:06,678 [WARN] PackLoader:240 - Cannot read IP mode file for STMicroelectronics.X-CUBE-AI.10.2.0
2025-09-06 19:28:06,702 [WARN] PackLoader:240 - Cannot read IP mode file for SEGGER.I-CUBE-embOS.1.3.1
2025-09-06 19:28:06,747 [WARN] PackLoader:240 - Cannot read IP mode file for STMicroelectronics.X-CUBE-ALGOBUILD.1.4.0
2025-09-06 19:28:06,795 [WARN] PackLoader:240 - Cannot read IP mode file for STMicroelectronics.X-CUBE-MEMS1.11.3.0
2025-09-06 19:28:06,895 [WARN] PackLoader:240 - Cannot read IP mode file for STMicroelectronics.X-CUBE-PM33A1.1.0.0
2025-09-06 19:28:06,906 [WARN] PackLoader:240 - Cannot read IP mode file for STMicroelectronics.X-CUBE-AZRTOS-F4.1.1.0
2025-09-06 19:28:06,913 [WARN] PackLoader:240 - Cannot read IP mode file for STMicroelectronics.X-CUBE-ISPU.2.1.0
2025-09-06 19:28:06,919 [WARN] PackLoader:240 - Cannot read IP mode file for STMicroelectronics.X-CUBE-NFC12.1.0.0
2025-09-06 19:28:06,933 [WARN] PackLoader:240 - Cannot read IP mode file for STMicroelectronics.X-CUBE-AZRTOS-L5.2.0.0
2025-09-06 19:28:06,949 [WARN] PackLoader:240 - Cannot read IP mode file for STMicroelectronics.X-CUBE-NFC6.3.1.0
2025-09-06 19:28:06,959 [WARN] PackLoader:240 - Cannot read IP mode file for STMicroelectronics.X-CUBE-FREERTOS.1.3.1
2025-09-06 19:28:06,965 [WARN] PackLoader:240 - Cannot read IP mode file for STMicroelectronics.FP-SNS-STAIOTCFT.1.0.0
2025-09-06 19:28:06,976 [WARN] PackLoader:240 - Cannot read IP mode file for STMicroelectronics.X-CUBE-DPower.1.3.0
2025-09-06 19:28:06,999 [WARN] ConditionMgr:438 - getConditionDescription Invalid condition id : LAN8742 Phy interface Condition cause : null
2025-09-06 19:28:07,001 [WARN] PackLoader:240 - Cannot read IP mode file for STMicroelectronics.X-CUBE-AZRTOS-L4.2.0.0
2025-09-06 19:28:07,003 [WARN] ConditionMgr:1044 - genDependencies : Invalid condition id : LAN8742 Phy interface Condition cause : null
2025-09-06 19:28:07,006 [WARN] ConditionMgr:1044 - genDependencies : Invalid condition id : LAN8742 Phy interface Condition cause : null
2025-09-06 19:28:07,007 [WARN] ConditionMgr:1044 - genDependencies : Invalid condition id : LAN8742 Phy interface Condition cause : null
2025-09-06 19:28:07,015 [WARN] PackLoader:240 - Cannot read IP mode file for STMicroelectronics.X-CUBE-SFXS2LP1.4.0.0
2025-09-06 19:28:07,034 [WARN] PackLoader:240 - Cannot read IP mode file for STMicroelectronics.X-CUBE-AZRTOS-H7.3.3.0
2025-09-06 19:28:07,046 [WARN] PackLoader:240 - Cannot read IP mode file for STMicroelectronics.X-CUBE-BLEMGR.4.1.0
2025-09-06 19:28:07,060 [WARN] ConditionMgr:438 - getConditionDescription Invalid condition id : UX DEVICE CLASS RTOS Condition cause : null
2025-09-06 19:28:07,061 [WARN] ConditionMgr:438 - getConditionDescription Invalid condition id : UX DEVICE CLASS RTOS Condition cause : null
2025-09-06 19:28:07,063 [WARN] PackLoader:240 - Cannot read IP mode file for STMicroelectronics.X-CUBE-AZRTOS-WB.2.0.0
2025-09-06 19:28:07,064 [WARN] ConditionMgr:1044 - genDependencies : Invalid condition id : UX DEVICE CLASS RTOS Condition cause : null
2025-09-06 19:28:07,064 [WARN] ConditionMgr:1044 - genDependencies : Invalid condition id : UX DEVICE CLASS RTOS Condition cause : null
2025-09-06 19:28:07,064 [WARN] ConditionMgr:1044 - genDependencies : Invalid condition id : UX DEVICE CLASS RTOS Condition cause : null
2025-09-06 19:28:07,064 [WARN] ConditionMgr:1044 - genDependencies : Invalid condition id : UX DEVICE CLASS RTOS Condition cause : null
2025-09-06 19:28:07,065 [WARN] ConditionMgr:1044 - genDependencies : Invalid condition id : UX DEVICE CLASS RTOS Condition cause : null
2025-09-06 19:28:07,071 [WARN] PackLoader:240 - Cannot read IP mode file for STMicroelectronics.X-CUBE-GNSS1.7.0.1
2025-09-06 19:28:07,078 [WARN] PackLoader:240 - Cannot read IP mode file for STMicroelectronics.X-CUBE-TOUCHGFX.4.25.0
2025-09-06 19:28:07,078 [ERROR] LogOutputStream:75 - [STDERR_REDIRECT] [Fatal Error] :1:1: Premature end of file.
2025-09-06 19:28:07,078 [ERROR] LogOutputStream:75 - [STDERR_REDIRECT] 
2025-09-06 19:28:07,083 [WARN] PackLoader:240 - Cannot read IP mode file for STMicroelectronics.FP-SNS-STBOX1.2.0.0
2025-09-06 19:28:07,090 [WARN] ConditionMgr:438 - getConditionDescription Invalid condition id : Cortex-A Device cause : null
2025-09-06 19:28:07,097 [WARN] ConditionMgr:1044 - genDependencies : Invalid condition id : Cortex-A Device cause : null
2025-09-06 19:28:07,097 [WARN] ConditionMgr:1044 - genDependencies : Invalid condition id : Cortex-A Device cause : null
2025-09-06 19:28:07,097 [WARN] ConditionMgr:1044 - genDependencies : Invalid condition id : Cortex-A Device cause : null
2025-09-06 19:28:07,110 [WARN] PackLoader:240 - Cannot read IP mode file for STMicroelectronics.X-CUBE-SUBG2.5.0.0
2025-09-06 19:28:07,139 [WARN] PackLoader:240 - Cannot read IP mode file for STMicroelectronics.X-CUBE-AZRTOS-H7RS.1.1.0
2025-09-06 19:28:07,146 [WARN] PackLoader:240 - Cannot read IP mode file for Cesanta.I-CUBE-Mongoose.7.13.0
2025-09-06 19:28:07,161 [WARN] PackLoader:240 - Cannot read IP mode file for STMicroelectronics.X-CUBE-AZRTOS-G4.2.0.0
2025-09-06 19:28:07,169 [WARN] PackLoader:240 - Cannot read IP mode file for wolfSSL.I-CUBE-wolfSSH.1.4.20
2025-09-06 19:28:07,175 [WARN] PackLoader:240 - Cannot read IP mode file for STMicroelectronics.X-CUBE-NFC7.2.0.0
2025-09-06 19:28:07,189 [WARN] PackLoader:240 - Cannot read IP mode file for STMicroelectronics.X-CUBE-IPS.3.1.0
2025-09-06 19:28:07,200 [WARN] PackLoader:240 - Cannot read IP mode file for STMicroelectronics.X-CUBE-ALS.1.0.2
2025-09-06 19:28:07,207 [WARN] PackLoader:240 - Cannot read IP mode file for STMicroelectronics.X-CUBE-STSE01.1.0.0
2025-09-06 19:28:07,215 [WARN] PackLoader:240 - Cannot read IP mode file for portGmbH.I-Cube-SoM-uGOAL.1.1.0
2025-09-06 19:28:07,225 [WARN] PackLoader:240 - Cannot read IP mode file for STMicroelectronics.X-CUBE-TOF1.3.4.3
2025-09-06 19:28:07,236 [INFO] ThirdParty:978 - Integrity check success = true
2025-09-06 19:28:07,236 [INFO] IntegrityCheckThread:100 - exiting critical section [integrity check]
2025-09-06 19:28:07,236 [INFO] IntegrityCheckThread:103 - End integrity checks thread
2025-09-06 19:28:08,063 [ERROR] LogOutputStream:75 - [STDERR_REDIRECT] [Fatal Error] :1:1: Premature end of file.
2025-09-06 19:28:08,064 [ERROR] LogOutputStream:75 - [STDERR_REDIRECT] 
2025-09-06 19:28:09,080 [ERROR] LogOutputStream:75 - [STDERR_REDIRECT] [Fatal Error] :1:1: Premature end of file.
2025-09-06 19:28:09,080 [ERROR] LogOutputStream:75 - [STDERR_REDIRECT] 
2025-09-06 19:28:10,078 [ERROR] LogOutputStream:75 - [STDERR_REDIRECT] [Fatal Error] :1:1: Premature end of file.
2025-09-06 19:28:10,078 [ERROR] LogOutputStream:75 - [STDERR_REDIRECT] 
2025-09-06 19:28:11,082 [ERROR] LogOutputStream:75 - [STDERR_REDIRECT] [Fatal Error] :1:1: Premature end of file.
2025-09-06 19:28:11,083 [ERROR] LogOutputStream:75 - [STDERR_REDIRECT] 
2025-09-06 19:28:12,076 [ERROR] LogOutputStream:75 - [STDERR_REDIRECT] [Fatal Error] :1:1: Premature end of file.
2025-09-06 19:28:12,076 [ERROR] LogOutputStream:75 - [STDERR_REDIRECT] 
2025-09-06 19:28:13,078 [ERROR] LogOutputStream:75 - [STDERR_REDIRECT] [Fatal Error] :1:1: Premature end of file.
2025-09-06 19:28:13,079 [ERROR] LogOutputStream:75 - [STDERR_REDIRECT] 
2025-09-06 19:28:14,066 [ERROR] LogOutputStream:75 - [STDERR_REDIRECT] [Fatal Error] :1:1: Premature end of file.
2025-09-06 19:28:14,067 [ERROR] LogOutputStream:75 - [STDERR_REDIRECT] 
2025-09-06 19:28:15,074 [ERROR] LogOutputStream:75 - [STDERR_REDIRECT] [Fatal Error] :1:1: Premature end of file.
2025-09-06 19:28:15,074 [ERROR] LogOutputStream:75 - [STDERR_REDIRECT] 
2025-09-06 19:28:16,081 [ERROR] LogOutputStream:75 - [STDERR_REDIRECT] [Fatal Error] :1:1: Premature end of file.
2025-09-06 19:28:16,082 [ERROR] LogOutputStream:75 - [STDERR_REDIRECT] 
2025-09-06 19:28:17,078 [ERROR] LogOutputStream:75 - [STDERR_REDIRECT] [Fatal Error] :1:1: Premature end of file.
2025-09-06 19:28:17,078 [ERROR] LogOutputStream:75 - [STDERR_REDIRECT] 
2025-09-06 19:28:18,066 [ERROR] LogOutputStream:75 - [STDERR_REDIRECT] [Fatal Error] :1:1: Premature end of file.
2025-09-06 19:28:18,066 [ERROR] LogOutputStream:75 - [STDERR_REDIRECT] 
2025-09-06 19:28:19,064 [ERROR] LogOutputStream:75 - [STDERR_REDIRECT] [Fatal Error] :1:1: Premature end of file.
2025-09-06 19:28:19,064 [ERROR] LogOutputStream:75 - [STDERR_REDIRECT] 
2025-09-06 19:28:20,074 [ERROR] LogOutputStream:75 - [STDERR_REDIRECT] [Fatal Error] :1:1: Premature end of file.
2025-09-06 19:28:20,075 [ERROR] LogOutputStream:75 - [STDERR_REDIRECT] 
2025-09-06 19:28:21,073 [ERROR] LogOutputStream:75 - [STDERR_REDIRECT] [Fatal Error] :1:1: Premature end of file.
2025-09-06 19:28:21,073 [ERROR] LogOutputStream:75 - [STDERR_REDIRECT] 
2025-09-06 19:28:22,078 [ERROR] LogOutputStream:75 - [STDERR_REDIRECT] [Fatal Error] :1:1: Premature end of file.
2025-09-06 19:28:22,078 [ERROR] LogOutputStream:75 - [STDERR_REDIRECT] 
2025-09-06 19:28:23,080 [ERROR] LogOutputStream:75 - [STDERR_REDIRECT] [Fatal Error] :1:1: Premature end of file.
2025-09-06 19:28:23,080 [ERROR] LogOutputStream:75 - [STDERR_REDIRECT] 
2025-09-06 19:28:24,101 [ERROR] LogOutputStream:75 - [STDERR_REDIRECT] [Fatal Error] :1:1: Premature end of file.
2025-09-06 19:28:24,101 [ERROR] LogOutputStream:75 - [STDERR_REDIRECT] 
2025-09-06 19:28:25,103 [ERROR] LogOutputStream:75 - [STDERR_REDIRECT] [Fatal Error] :1:1: Premature end of file.
2025-09-06 19:28:25,104 [ERROR] LogOutputStream:75 - [STDERR_REDIRECT] 
2025-09-06 19:28:26,072 [ERROR] LogOutputStream:75 - [STDERR_REDIRECT] [Fatal Error] :1:1: Premature end of file.
2025-09-06 19:28:26,072 [ERROR] LogOutputStream:75 - [STDERR_REDIRECT] 
2025-09-06 19:28:27,084 [ERROR] LogOutputStream:75 - [STDERR_REDIRECT] [Fatal Error] :1:1: Premature end of file.
2025-09-06 19:28:27,084 [ERROR] LogOutputStream:75 - [STDERR_REDIRECT] 
2025-09-06 19:28:28,081 [ERROR] LogOutputStream:75 - [STDERR_REDIRECT] [Fatal Error] :1:1: Premature end of file.
2025-09-06 19:28:28,081 [ERROR] LogOutputStream:75 - [STDERR_REDIRECT] 
2025-09-06 19:28:28,867 [ERROR] LogOutputStream:75 - [STDERR_REDIRECT] 
2025-09-06 19:28:28,869 [ERROR] LogOutputStream:75 - [STDERR_REDIRECT] 
