19:59:34 **** Incremental Build of configuration Debug for project 4_2_RegisterButtonInterrupt ****
make -j16 all 
arm-none-eabi-gcc "../Core/Src/main.c" -mcpu=cortex-m3 -std=gnu11 -g3 -DDEBUG -DUSE_HAL_DRIVER -DSTM32F103x6 -c -I../Core/Inc -I../Drivers/STM32F1xx_HAL_Driver/Inc/Legacy -I../Drivers/STM32F1xx_HAL_Driver/Inc -I../Drivers/CMSIS/Device/ST/STM32F1xx/Include -I../Drivers/CMSIS/Include -O0 -ffunction-sections -fdata-sections -Wall -fstack-usage -fcyclomatic-complexity -MMD -MP -MF"Core/Src/main.d" -MT"Core/Src/main.o" --specs=nano.specs -mfloat-abi=soft -mthumb -o "Core/Src/main.o"
arm-none-eabi-gcc -o "4_2_RegisterButtonInterrupt.elf" @"objects.list"   -mcpu=cortex-m3 -T"C:\Users\sumey\STM32CubeIDE\workspace_1.19.0\4__2_RegisterButtonInterrupt\STM32F103C6TX_FLASH.ld" --specs=nosys.specs -Wl,-Map="4_2_RegisterButtonInterrupt.map" -Wl,--gc-sections -static --specs=nano.specs -mfloat-abi=soft -mthumb -Wl,--start-group -lc -lm -Wl,--end-group
Finished building target: 4_2_RegisterButtonInterrupt.elf
 
arm-none-eabi-size  4_2_RegisterButtonInterrupt.elf 
arm-none-eabi-objdump -h -S 4_2_RegisterButtonInterrupt.elf  > "4_2_RegisterButtonInterrupt.list"
   text	   data	    bss	    dec	    hex	filename
   1020	      4	   1572	   2596	    a24	4_2_RegisterButtonInterrupt.elf
Finished building: default.size.stdout
 
Finished building: 4_2_RegisterButtonInterrupt.list
 
19:59:37 **** Incremental Build of configuration Debug for project 4_2_RegisterButtonInterrupt ****
make -j16 all 
arm-none-eabi-size  4_2_RegisterButtonInterrupt.elf 
   text	   data	    bss	    dec	    hex	filename
   1020	      4	   1572	   2596	    a24	4_2_RegisterButtonInterrupt.elf
Finished building: default.size.stdout
 
