17:55:17 **** Incremental Build of configuration Debug for project 4_Timer-1_CM7 ****
make -j16 all 
arm-none-eabi-gcc "../Core/Src/main.c" -mcpu=cortex-m7 -std=gnu11 -g3 -DDEBUG -DCORE_CM7 -DUSE_HAL_DRIVER -DSTM32H755xx -DUSE_PWR_DIRECT_SMPS_SUPPLY -c -I../Core/Inc -I../../Drivers/STM32H7xx_HAL_Driver/Inc -I../../Drivers/STM32H7xx_HAL_Driver/Inc/Legacy -I../../Drivers/CMSIS/Device/ST/STM32H7xx/Include -I../../Drivers/CMSIS/Include -O0 -ffunction-sections -fdata-sections -Wall -fstack-usage -fcyclomatic-complexity -MMD -MP -MF"Core/Src/main.d" -MT"Core/Src/main.o" --specs=nano.specs -mfpu=fpv5-d16 -mfloat-abi=hard -mthumb -o "Core/Src/main.o"
arm-none-eabi-gcc -o "4_Timer-1_CM7.elf" @"objects.list"   -mcpu=cortex-m7 -T"C:\Users\sumey\OneDrive\Masaüstü\Notlar\h7Code\Notlar\4_Timer-1\CM7\STM32H755ZITX_FLASH.ld" --specs=nosys.specs -Wl,-Map="4_Timer-1_CM7.map" -Wl,--gc-sections -static --specs=nano.specs -mfpu=fpv5-d16 -mfloat-abi=hard -mthumb -Wl,--start-group -lc -lm -Wl,--end-group
Finished building target: 4_Timer-1_CM7.elf
 
arm-none-eabi-size  4_Timer-1_CM7.elf 
arm-none-eabi-objdump -h -S 4_Timer-1_CM7.elf  > "4_Timer-1_CM7.list"
   text	   data	    bss	    dec	    hex	filename
   9972	     16	   1648	  11636	   2d74	4_Timer-1_CM7.elf
Finished building: default.size.stdout
 
Finished building: 4_Timer-1_CM7.list
 
17:55:41 **** Incremental Build of configuration Debug for project 1_1-ButtonLED_CM4 ****
make -j16 all 
arm-none-eabi-size  1_1-ButtonLED_CM4.elf 
   text	   data	    bss	    dec	    hex	filename
   3200	     16	   1568	   4784	   12b0	1_1-ButtonLED_CM4.elf
Finished building: default.size.stdout
 
17:55:41 **** Incremental Build of configuration Debug for project 1_1-ButtonLED_CM7 ****
make -j16 all 
arm-none-eabi-size  1_1-ButtonLED_CM7.elf 
   text	   data	    bss	    dec	    hex	filename
   8280	     16	   1568	   9864	   2688	1_1-ButtonLED_CM7.elf
Finished building: default.size.stdout
 
17:55:41 **** Incremental Build of configuration Debug for project 1_2_LedBlink_CM4 ****
make -j16 all 
arm-none-eabi-size  1_2_LedBlink_CM4.elf 
   text	   data	    bss	    dec	    hex	filename
   3200	     16	   1568	   4784	   12b0	1_2_LedBlink_CM4.elf
Finished building: default.size.stdout
 
17:55:42 **** Incremental Build of configuration Debug for project 1_2_LedBlink_CM7 ****
make -j16 all 
arm-none-eabi-size  1_2_LedBlink_CM7.elf 
   text	   data	    bss	    dec	    hex	filename
   8364	     16	   1568	   9948	   26dc	1_2_LedBlink_CM7.elf
Finished building: default.size.stdout
 
17:55:42 **** Incremental Build of configuration Debug for project 1_3_LedButton_CM4 ****
make -j16 all 
arm-none-eabi-size  1_3_LedButton_CM4.elf 
   text	   data	    bss	    dec	    hex	filename
   3072	     16	   1568	   4656	   1230	1_3_LedButton_CM4.elf
Finished building: default.size.stdout
 
17:55:42 **** Incremental Build of configuration Debug for project 1_3_LedButton_CM7 ****
make -j16 all 
arm-none-eabi-size  1_3_LedButton_CM7.elf 
   text	   data	    bss	    dec	    hex	filename
   8504	     16	   1568	  10088	   2768	1_3_LedButton_CM7.elf
Finished building: default.size.stdout
 
17:55:42 **** Incremental Build of configuration Debug for project 1_Lab-1-Cache_CM4 ****
make -j16 all 
arm-none-eabi-size  1_Lab-1-Cache_CM4.elf 
   text	   data	    bss	    dec	    hex	filename
   3196	     16	   1568	   4780	   12ac	1_Lab-1-Cache_CM4.elf
Finished building: default.size.stdout
 
17:55:42 **** Incremental Build of configuration Debug for project 1_Lab-1-Cache_CM7 ****
make -j16 all 
arm-none-eabi-size  1_Lab-1-Cache_CM7.elf 
   text	   data	    bss	    dec	    hex	filename
  12836	   4112	   1568	  18516	   4854	1_Lab-1-Cache_CM7.elf
Finished building: default.size.stdout
 
17:55:43 **** Incremental Build of configuration Debug for project 4_Timer-1_CM4 ****
make -j16 all 
arm-none-eabi-size  4_Timer-1_CM4.elf 
   text	   data	    bss	    dec	    hex	filename
   3196	     16	   1568	   4780	   12ac	4_Timer-1_CM4.elf
Finished building: default.size.stdout
 
17:55:43 **** Incremental Build of configuration Debug for project 4_Timer-1_CM7 ****
make -j16 all 
arm-none-eabi-gcc "../Core/Src/main.c" -mcpu=cortex-m7 -std=gnu11 -g3 -DDEBUG -DCORE_CM7 -DUSE_HAL_DRIVER -DSTM32H755xx -DUSE_PWR_DIRECT_SMPS_SUPPLY -c -I../Core/Inc -I../../Drivers/STM32H7xx_HAL_Driver/Inc -I../../Drivers/STM32H7xx_HAL_Driver/Inc/Legacy -I../../Drivers/CMSIS/Device/ST/STM32H7xx/Include -I../../Drivers/CMSIS/Include -O0 -ffunction-sections -fdata-sections -Wall -fstack-usage -fcyclomatic-complexity -MMD -MP -MF"Core/Src/main.d" -MT"Core/Src/main.o" --specs=nano.specs -mfpu=fpv5-d16 -mfloat-abi=hard -mthumb -o "Core/Src/main.o"
arm-none-eabi-gcc -o "4_Timer-1_CM7.elf" @"objects.list"   -mcpu=cortex-m7 -T"C:\Users\sumey\OneDrive\Masaüstü\Notlar\h7Code\Notlar\4_Timer-1\CM7\STM32H755ZITX_FLASH.ld" --specs=nosys.specs -Wl,-Map="4_Timer-1_CM7.map" -Wl,--gc-sections -static --specs=nano.specs -mfpu=fpv5-d16 -mfloat-abi=hard -mthumb -Wl,--start-group -lc -lm -Wl,--end-group
Finished building target: 4_Timer-1_CM7.elf
 
arm-none-eabi-size  4_Timer-1_CM7.elf 
arm-none-eabi-objdump -h -S 4_Timer-1_CM7.elf  > "4_Timer-1_CM7.list"
   text	   data	    bss	    dec	    hex	filename
   9972	     16	   1648	  11636	   2d74	4_Timer-1_CM7.elf
Finished building: default.size.stdout
 
Finished building: 4_Timer-1_CM7.list
 
17:57:30 **** Incremental Build of configuration Debug for project 4_Timer-1_CM4 ****
make -j16 all 
arm-none-eabi-size  4_Timer-1_CM4.elf 
   text	   data	    bss	    dec	    hex	filename
   3196	     16	   1568	   4780	   12ac	4_Timer-1_CM4.elf
Finished building: default.size.stdout
 
17:57:31 **** Incremental Build of configuration Debug for project 4_Timer-1_CM7 ****
make -j16 all 
arm-none-eabi-size  4_Timer-1_CM7.elf 
   text	   data	    bss	    dec	    hex	filename
   9972	     16	   1648	  11636	   2d74	4_Timer-1_CM7.elf
Finished building: default.size.stdout
 
17:58:40 **** Incremental Build of configuration Debug for project 4_Timer-1_CM4 ****
make -j16 all 
arm-none-eabi-size  4_Timer-1_CM4.elf 
   text	   data	    bss	    dec	    hex	filename
   3196	     16	   1568	   4780	   12ac	4_Timer-1_CM4.elf
Finished building: default.size.stdout
 
17:58:40 **** Incremental Build of configuration Debug for project 4_Timer-1_CM7 ****
make -j16 all 
arm-none-eabi-size  4_Timer-1_CM7.elf 
   text	   data	    bss	    dec	    hex	filename
   9972	     16	   1648	  11636	   2d74	4_Timer-1_CM7.elf
Finished building: default.size.stdout
 
17:58:49 **** Incremental Build of configuration Debug for project 1_3_LedButton_CM4 ****
make -j16 all 
arm-none-eabi-size  1_3_LedButton_CM4.elf 
   text	   data	    bss	    dec	    hex	filename
   3072	     16	   1568	   4656	   1230	1_3_LedButton_CM4.elf
Finished building: default.size.stdout
 
17:58:49 **** Incremental Build of configuration Debug for project 1_3_LedButton_CM7 ****
make -j16 all 
arm-none-eabi-size  1_3_LedButton_CM7.elf 
   text	   data	    bss	    dec	    hex	filename
   8504	     16	   1568	  10088	   2768	1_3_LedButton_CM7.elf
Finished building: default.size.stdout
 
18:01:16 **** Incremental Build of configuration Debug for project 1_3_LedButton_CM4 ****
make -j16 all 
arm-none-eabi-size  1_3_LedButton_CM4.elf 
   text	   data	    bss	    dec	    hex	filename
   3072	     16	   1568	   4656	   1230	1_3_LedButton_CM4.elf
Finished building: default.size.stdout
 
18:01:17 **** Incremental Build of configuration Debug for project 1_3_LedButton_CM7 ****
make -j16 all 
arm-none-eabi-size  1_3_LedButton_CM7.elf 
   text	   data	    bss	    dec	    hex	filename
   8504	     16	   1568	  10088	   2768	1_3_LedButton_CM7.elf
Finished building: default.size.stdout
 
18:01:34 **** Incremental Build of configuration Debug for project 1_2_LedBlink_CM4 ****
make -j16 all 
arm-none-eabi-size  1_2_LedBlink_CM4.elf 
   text	   data	    bss	    dec	    hex	filename
   3200	     16	   1568	   4784	   12b0	1_2_LedBlink_CM4.elf
Finished building: default.size.stdout
 
18:01:34 **** Incremental Build of configuration Debug for project 1_2_LedBlink_CM7 ****
make -j16 all 
arm-none-eabi-size  1_2_LedBlink_CM7.elf 
   text	   data	    bss	    dec	    hex	filename
   8364	     16	   1568	   9948	   26dc	1_2_LedBlink_CM7.elf
Finished building: default.size.stdout
 
18:02:04 **** Incremental Build of configuration Debug for project 1_3_LedButton_CM4 ****
make -j16 all 
arm-none-eabi-size  1_3_LedButton_CM4.elf 
   text	   data	    bss	    dec	    hex	filename
   3072	     16	   1568	   4656	   1230	1_3_LedButton_CM4.elf
Finished building: default.size.stdout
 
18:02:05 **** Incremental Build of configuration Debug for project 1_3_LedButton_CM7 ****
make -j16 all 
arm-none-eabi-size  1_3_LedButton_CM7.elf 
   text	   data	    bss	    dec	    hex	filename
   8504	     16	   1568	  10088	   2768	1_3_LedButton_CM7.elf
Finished building: default.size.stdout
 
18:03:01 **** Incremental Build of configuration Debug for project 1_3_LedButton_CM4 ****
make -j16 all 
arm-none-eabi-size  1_3_LedButton_CM4.elf 
   text	   data	    bss	    dec	    hex	filename
   3072	     16	   1568	   4656	   1230	1_3_LedButton_CM4.elf
Finished building: default.size.stdout
 
18:03:01 **** Incremental Build of configuration Debug for project 1_3_LedButton_CM7 ****
make -j16 all 
arm-none-eabi-size  1_3_LedButton_CM7.elf 
   text	   data	    bss	    dec	    hex	filename
   8504	     16	   1568	  10088	   2768	1_3_LedButton_CM7.elf
Finished building: default.size.stdout
 
18:03:20 **** Incremental Build of configuration Debug for project 4_Timer-1_CM4 ****
make -j16 all 
arm-none-eabi-size  4_Timer-1_CM4.elf 
   text	   data	    bss	    dec	    hex	filename
   3196	     16	   1568	   4780	   12ac	4_Timer-1_CM4.elf
Finished building: default.size.stdout
 
18:03:20 **** Incremental Build of configuration Debug for project 4_Timer-1_CM7 ****
make -j16 all 
arm-none-eabi-size  4_Timer-1_CM7.elf 
   text	   data	    bss	    dec	    hex	filename
   9972	     16	   1648	  11636	   2d74	4_Timer-1_CM7.elf
Finished building: default.size.stdout
 
18:04:13 **** Incremental Build of configuration Debug for project 4_Timer-1_CM4 ****
make -j16 all 
arm-none-eabi-size  4_Timer-1_CM4.elf 
   text	   data	    bss	    dec	    hex	filename
   3196	     16	   1568	   4780	   12ac	4_Timer-1_CM4.elf
Finished building: default.size.stdout
 
18:04:13 **** Incremental Build of configuration Debug for project 4_Timer-1_CM7 ****
make -j16 all 
arm-none-eabi-size  4_Timer-1_CM7.elf 
   text	   data	    bss	    dec	    hex	filename
   9972	     16	   1648	  11636	   2d74	4_Timer-1_CM7.elf
Finished building: default.size.stdout
 
18:04:53 **** Incremental Build of configuration Debug for project 4_Timer-1_CM4 ****
make -j16 all 
arm-none-eabi-size  4_Timer-1_CM4.elf 
   text	   data	    bss	    dec	    hex	filename
   3196	     16	   1568	   4780	   12ac	4_Timer-1_CM4.elf
Finished building: default.size.stdout
 
18:06:14 **** Incremental Build of configuration Debug for project 1_1-ButtonLED_CM4 ****
make -j16 all 
arm-none-eabi-size  1_1-ButtonLED_CM4.elf 
   text	   data	    bss	    dec	    hex	filename
   3200	     16	   1568	   4784	   12b0	1_1-ButtonLED_CM4.elf
Finished building: default.size.stdout
 
18:06:14 **** Incremental Build of configuration Debug for project 1_1-ButtonLED_CM7 ****
make -j16 all 
arm-none-eabi-size  1_1-ButtonLED_CM7.elf 
   text	   data	    bss	    dec	    hex	filename
   8280	     16	   1568	   9864	   2688	1_1-ButtonLED_CM7.elf
Finished building: default.size.stdout
 
18:06:14 **** Incremental Build of configuration Debug for project 1_2_LedBlink_CM4 ****
make -j16 all 
arm-none-eabi-size  1_2_LedBlink_CM4.elf 
   text	   data	    bss	    dec	    hex	filename
   3200	     16	   1568	   4784	   12b0	1_2_LedBlink_CM4.elf
Finished building: default.size.stdout
 
18:06:14 **** Incremental Build of configuration Debug for project 1_2_LedBlink_CM7 ****
make -j16 all 
arm-none-eabi-size  1_2_LedBlink_CM7.elf 
   text	   data	    bss	    dec	    hex	filename
   8364	     16	   1568	   9948	   26dc	1_2_LedBlink_CM7.elf
Finished building: default.size.stdout
 
18:06:15 **** Incremental Build of configuration Debug for project 1_3_LedButton_CM4 ****
make -j16 all 
arm-none-eabi-size  1_3_LedButton_CM4.elf 
   text	   data	    bss	    dec	    hex	filename
   3072	     16	   1568	   4656	   1230	1_3_LedButton_CM4.elf
Finished building: default.size.stdout
 
18:06:15 **** Incremental Build of configuration Debug for project 1_3_LedButton_CM7 ****
make -j16 all 
arm-none-eabi-size  1_3_LedButton_CM7.elf 
   text	   data	    bss	    dec	    hex	filename
   8504	     16	   1568	  10088	   2768	1_3_LedButton_CM7.elf
Finished building: default.size.stdout
 
18:06:15 **** Incremental Build of configuration Debug for project 1_Lab-1-Cache_CM4 ****
make -j16 all 
arm-none-eabi-size  1_Lab-1-Cache_CM4.elf 
   text	   data	    bss	    dec	    hex	filename
   3196	     16	   1568	   4780	   12ac	1_Lab-1-Cache_CM4.elf
Finished building: default.size.stdout
 
18:06:15 **** Incremental Build of configuration Debug for project 1_Lab-1-Cache_CM7 ****
make -j16 all 
arm-none-eabi-size  1_Lab-1-Cache_CM7.elf 
   text	   data	    bss	    dec	    hex	filename
  12836	   4112	   1568	  18516	   4854	1_Lab-1-Cache_CM7.elf
Finished building: default.size.stdout
 
18:06:16 **** Incremental Build of configuration Debug for project 4_Timer-1_CM4 ****
make -j16 all 
arm-none-eabi-size  4_Timer-1_CM4.elf 
   text	   data	    bss	    dec	    hex	filename
   3196	     16	   1568	   4780	   12ac	4_Timer-1_CM4.elf
Finished building: default.size.stdout
 
18:06:16 **** Incremental Build of configuration Debug for project 4_Timer-1_CM7 ****
make -j16 all 
arm-none-eabi-gcc "../Core/Src/main.c" -mcpu=cortex-m7 -std=gnu11 -g3 -DDEBUG -DCORE_CM7 -DUSE_HAL_DRIVER -DSTM32H755xx -DUSE_PWR_DIRECT_SMPS_SUPPLY -c -I../Core/Inc -I../../Drivers/STM32H7xx_HAL_Driver/Inc -I../../Drivers/STM32H7xx_HAL_Driver/Inc/Legacy -I../../Drivers/CMSIS/Device/ST/STM32H7xx/Include -I../../Drivers/CMSIS/Include -O0 -ffunction-sections -fdata-sections -Wall -fstack-usage -fcyclomatic-complexity -MMD -MP -MF"Core/Src/main.d" -MT"Core/Src/main.o" --specs=nano.specs -mfpu=fpv5-d16 -mfloat-abi=hard -mthumb -o "Core/Src/main.o"
arm-none-eabi-gcc -o "4_Timer-1_CM7.elf" @"objects.list"   -mcpu=cortex-m7 -T"C:\Users\sumey\OneDrive\Masaüstü\Notlar\h7Code\Notlar\4_Timer-1\CM7\STM32H755ZITX_FLASH.ld" --specs=nosys.specs -Wl,-Map="4_Timer-1_CM7.map" -Wl,--gc-sections -static --specs=nano.specs -mfpu=fpv5-d16 -mfloat-abi=hard -mthumb -Wl,--start-group -lc -lm -Wl,--end-group
Finished building target: 4_Timer-1_CM7.elf
 
arm-none-eabi-size  4_Timer-1_CM7.elf 
arm-none-eabi-objdump -h -S 4_Timer-1_CM7.elf  > "4_Timer-1_CM7.list"
   text	   data	    bss	    dec	    hex	filename
  10224	     16	   1648	  11888	   2e70	4_Timer-1_CM7.elf
Finished building: default.size.stdout
 
Finished building: 4_Timer-1_CM7.list
 
18:06:22 **** Incremental Build of configuration Debug for project 4_Timer-1_CM4 ****
make -j16 all 
arm-none-eabi-size  4_Timer-1_CM4.elf 
   text	   data	    bss	    dec	    hex	filename
   3196	     16	   1568	   4780	   12ac	4_Timer-1_CM4.elf
Finished building: default.size.stdout
 
18:06:22 **** Incremental Build of configuration Debug for project 4_Timer-1_CM7 ****
make -j16 all 
arm-none-eabi-size  4_Timer-1_CM7.elf 
   text	   data	    bss	    dec	    hex	filename
  10224	     16	   1648	  11888	   2e70	4_Timer-1_CM7.elf
Finished building: default.size.stdout
 
18:06:40 **** Incremental Build of configuration Debug for project 4_Timer-1_CM4 ****
make -j16 all 
arm-none-eabi-size  4_Timer-1_CM4.elf 
   text	   data	    bss	    dec	    hex	filename
   3196	     16	   1568	   4780	   12ac	4_Timer-1_CM4.elf
Finished building: default.size.stdout
 
