11:38:06 **** Incremental Build of configuration Debug for project 4_3_RegisterButtonsLedsRInterrupt ****
make -j16 all 
arm-none-eabi-gcc "../Core/Src/main.c" -mcpu=cortex-m3 -std=gnu11 -g3 -DDEBUG -DUSE_HAL_DRIVER -DSTM32F103x6 -c -I../Core/Inc -I../Drivers/STM32F1xx_HAL_Driver/Inc/Legacy -I../Drivers/STM32F1xx_HAL_Driver/Inc -I../Drivers/CMSIS/Device/ST/STM32F1xx/Include -I../Drivers/CMSIS/Include -O0 -ffunction-sections -fdata-sections -Wall -fstack-usage -fcyclomatic-complexity -MMD -MP -MF"Core/Src/main.d" -MT"Core/Src/main.o" --specs=nano.specs -mfloat-abi=soft -mthumb -o "Core/Src/main.o"
arm-none-eabi-gcc -o "4_3_RegisterButtonsLedsRInterrupt.elf" @"objects.list"   -mcpu=cortex-m3 -T"C:\Users\sumey\STM32CubeIDE\workspace_1.19.0\4_3_RegisterButtonsLedsRInterrupt\STM32F103C6TX_FLASH.ld" --specs=nosys.specs -Wl,-Map="4_3_RegisterButtonsLedsRInterrupt.map" -Wl,--gc-sections -static --specs=nano.specs -mfloat-abi=soft -mthumb -Wl,--start-group -lc -lm -Wl,--end-group
Finished building target: 4_3_RegisterButtonsLedsRInterrupt.elf
 
arm-none-eabi-size  4_3_RegisterButtonsLedsRInterrupt.elf 
arm-none-eabi-objdump -h -S 4_3_RegisterButtonsLedsRInterrupt.elf  > "4_3_RegisterButtonsLedsRInterrupt.list"
   text	   data	    bss	    dec	    hex	filename
   1108	      4	   1572	   2684	    a7c	4_3_RegisterButtonsLedsRInterrupt.elf
Finished building: default.size.stdout
 
Finished building: 4_3_RegisterButtonsLedsRInterrupt.list
 
11:38:13 **** Incremental Build of configuration Debug for project 4_3_RegisterButtonsLedsRInterrupt ****
make -j16 all 
arm-none-eabi-size  4_3_RegisterButtonsLedsRInterrupt.elf 
   text	   data	    bss	    dec	    hex	filename
   1108	      4	   1572	   2684	    a7c	4_3_RegisterButtonsLedsRInterrupt.elf
Finished building: default.size.stdout
 
