20:59:54 **** Incremental Build of configuration Debug for project 3_RegisterButtonLed ****
make -j16 all 
arm-none-eabi-gcc "../Core/Src/main.c" -mcpu=cortex-m3 -std=gnu11 -g3 -DDEBUG -DUSE_HAL_DRIVER -DSTM32F103x6 -c -I../Core/Inc -I../Drivers/STM32F1xx_HAL_Driver/Inc/Legacy -I../Drivers/STM32F1xx_HAL_Driver/Inc -I../Drivers/CMSIS/Device/ST/STM32F1xx/Include -I../Drivers/CMSIS/Include -O0 -ffunction-sections -fdata-sections -Wall -fstack-usage -fcyclomatic-complexity -MMD -MP -MF"Core/Src/main.d" -MT"Core/Src/main.o" --specs=nano.specs -mfloat-abi=soft -mthumb -o "Core/Src/main.o"
arm-none-eabi-gcc -o "3_RegisterButtonLed.elf" @"objects.list"   -mcpu=cortex-m3 -T"C:\Users\sumey\STM32CubeIDE\workspace_1.19.0\3_RegisterButtonLed\STM32F103C6TX_FLASH.ld" --specs=nosys.specs -Wl,-Map="3_RegisterButtonLed.map" -Wl,--gc-sections -static --specs=nano.specs -mfloat-abi=soft -mthumb -Wl,--start-group -lc -lm -Wl,--end-group
Finished building target: 3_RegisterButtonLed.elf
 
arm-none-eabi-size  3_RegisterButtonLed.elf 
arm-none-eabi-objdump -h -S 3_RegisterButtonLed.elf  > "3_RegisterButtonLed.list"
   text	   data	    bss	    dec	    hex	filename
    768	      4	   1572	   2344	    928	3_RegisterButtonLed.elf
Finished building: default.size.stdout
 
Finished building: 3_RegisterButtonLed.list
 
20:59:58 **** Incremental Build of configuration Debug for project 3_RegisterButtonLed ****
make -j16 all 
arm-none-eabi-size  3_RegisterButtonLed.elf 
   text	   data	    bss	    dec	    hex	filename
    768	      4	   1572	   2344	    928	3_RegisterButtonLed.elf
Finished building: default.size.stdout
 
21:45:16 **** Incremental Build of configuration Debug for project 1_RegisterFirst ****
make -j16 all 
arm-none-eabi-size  1_RegisterFirst.elf 
   text	   data	    bss	    dec	    hex	filename
    764	      4	   1572	   2340	    924	1_RegisterFirst.elf
Finished building: default.size.stdout
 
21:45:17 **** Incremental Build of configuration Debug for project 2_RegisterLedBlink ****
make -j16 all 
arm-none-eabi-size  2_RegisterLedBlink.elf 
   text	   data	    bss	    dec	    hex	filename
    772	      4	   1572	   2348	    92c	2_RegisterLedBlink.elf
Finished building: default.size.stdout
 
21:45:17 **** Incremental Build of configuration Debug for project 3_RegisterButtonLed ****
make -j16 all 
arm-none-eabi-size  3_RegisterButtonLed.elf 
   text	   data	    bss	    dec	    hex	filename
    768	      4	   1572	   2344	    928	3_RegisterButtonLed.elf
Finished building: default.size.stdout
 
